[www.allcooper.com/business-security-systems/access-control-systems/biometric-security-systems.html]
[backblue.gif]
[fade.gif]
[index.html]
[connect.facebook.net/en_US/fbevents.js]
[www.allcooper.com/Resources/Shared/stylesheets/dnndefault/7.0.0/default23e0.css]
[www.allcooper.com/Resources/Search/SearchSkinObjectPreview23e0.css]
[www.allcooper.com/Portals/_default/skins/allcooper/skin23e0.css]
[www.allcooper.com/Portals/_default/containers/allcooper/container23e0.css]
[www.allcooper.com/Portals/0/portal23e0.css]
[www.allcooper.com/DesktopModules/DNNGo_LayerGallery/Effects/Effect_01_SliderRevolution3D/Themes/defaultskin/Style23e0.css]
[www.allcooper.com/Resources/libraries/jQuery/01_09_01/jquery23e0.js]
[www.allcooper.com/Resources/libraries/jQuery-Migrate/01_02_01/jquery-migrate23e0.js]
[www.allcooper.com/Resources/libraries/jQuery-UI/01_11_03/jquery-ui23e0.js]
[www.allcooper.com/js/dnn23e0.js]
[www.allcooper.com/js/dnn.modalpopup23e0.js]
[www.allcooper.com/DesktopModules/DNNGo_LayerGallery/Effects/Effect_01_SliderRevolution3D/js/jquery.themepunch.revolution.merge23e0.js]
[www.allcooper.com/js/dnncore23e0.js]
[www.allcooper.com/Resources/Search/SearchSkinObjectPreview23e0.js]
[www.allcooper.com/js/dnn.servicesframework23e0.js]
[www.allcooper.com/Portals/0/Images/logo-32169039.png]
[www.allcooper.com/business-security-systems/access-control-systems/proximity-reader.html]
[www.allcooper.com/business-security-systems/access-control-systems/biometric-security-systems/biometric-fingerprint-scanner.html]
[www.allcooper.com/business-security-systems/access-control-systems/video-entry-systems.html]
[www.allcooper.com/business-security-systems/access-control-systems/video-entry-systems/door-entry-camera.html]
[www.allcooper.com/business-security-systems/access-control-systems/audio-entry-systems.html]
[www.allcooper.com/business-security-systems/access-control-systems/audio-entry-systems/intercom-systems.html]
[www.allcooper.com/Portals/0/LayerGallery/uploads/2017/4/11/Biometric-Security-System.jpg]
[www.allcooper.com/portals/0/Biometric-Security.jpg]
[www.allcooper.com/Portals/_default/skins/allcooper/scripts/script.js]
[www.allcooper.com/Portals/_default/skins/allcooper/scripts/custom.js]
[www.allcooper.com/DesktopModules/DNNGo_Megamenu/Resource/js/dnngo-megamenu23e0.js]
[www.allcooper.com/DesktopModules/DNNGo_GoMenu/Resource/js/accordion23e0.js]
[www.allcooper.com/business-security-systems/access-control-systems/biometric-security-systems.html]
[connect.facebook.net/en_US/fbevents.js]
[www.allcooper.com/business-security-systems/access-control-systems/post.html]
[www.allcooper.com/images/pin-icn.png]
[www.allcooper.com/images/helpI-icn-grey.png]
[www.allcooper.com/images/checkbox.png]
[www.allcooper.com/images/radiobutton.png]
[www.allcooper.com/images/dnnSpinnerUpArrow.png]
[www.allcooper.com/images/dnnSpinnerDownArrow.png]
[www.allcooper.com/images/dnnTagClose.png]
[www.allcooper.com/images/search/searchButton.png]
[www.allcooper.com/images/closeBtn.png]
[www.allcooper.com/images/resizeBtn.png]
[www.allcooper.com/images/modal-resize-icn.png]
[www.allcooper.com/images/loading.gif]
[www.allcooper.com/images/InstallWizardBG.png]
[www.allcooper.com/images/down-icn.png]
[www.allcooper.com/images/up-icn.png]
[www.allcooper.com/images/eip_toolbar.png]
[www.allcooper.com/images/eip_title_cancel.png]
[www.allcooper.com/images/eip_edit.png]
[www.allcooper.com/images/eip_save.png]
[www.allcooper.com/images/eip_title_save.png]
[www.allcooper.com/Resources/Shared/stylesheets/dnndefault/7.0.0/default23e0.css]
[www.allcooper.com/images/search/clearText.png]
[www.allcooper.com/Resources/Search/SearchSkinObjectPreview23e0.css]
[www.allcooper.com/Portals/_default/skins/allcooper/bootstrap.css]
[www.allcooper.com/Portals/_default/skins/allcooper/css/owl.carousel.css]
[www.allcooper.com/Portals/_default/skins/allcooper/images/searchbut_icon.png]
[www.allcooper.com/Portals/_default/skins/allcooper/images/background_img2.jpg]
[www.allcooper.com/Portals/_default/skins/allcooper/images/background_img3.jpg]
[www.allcooper.com/Portals/_default/skins/allcooper/images/conc_bg1.jpg]
[www.allcooper.com/Portals/_default/skins/allcooper/images/conc_bg2.jpg]
[www.allcooper.com/Portals/_default/skins/allcooper/images/conc_bg4.jpg]
[www.allcooper.com/Portals/_default/skins/allcooper/images/conc_bg5.jpg]
[www.allcooper.com/Portals/_default/skins/allcooper/images/conc_bg6.jpg]
[www.allcooper.com/Portals/_default/skins/allcooper/images/footerfull_bg.jpg]
[www.allcooper.com/Portals/_default/skins/allcooper/images/number_arrow1.png]
[www.allcooper.com/Portals/_default/skins/allcooper/images/number_arrow2.png]
[www.allcooper.com/Portals/_default/skins/allcooper/images/number_arrow3.png]
[www.allcooper.com/Portals/_default/skins/allcooper/images/arrow-l.png]
[www.allcooper.com/Portals/_default/skins/allcooper/images/arrow-r.png]
[www.allcooper.com/Portals/_default/skins/allcooper/images/arrow_icon.png]
[www.allcooper.com/Portals/_default/skins/allcooper/skin23e0.css]
[www.allcooper.com/Portals/_default/containers/allcooper/container23e0.css]
[www.allcooper.com/Portals/0/portal23e0.css]
[www.allcooper.com/DesktopModules/DNNGo_LayerGallery/Effects/Effect_01_SliderRevolution3D/Themes/defaultskin/images/gradient/g30.png]
[www.allcooper.com/DesktopModules/DNNGo_LayerGallery/Effects/Effect_01_SliderRevolution3D/Themes/defaultskin/images/gradient/g40.png]
[www.allcooper.com/DesktopModules/DNNGo_LayerGallery/Effects/Effect_01_SliderRevolution3D/Themes/defaultskin/images/shadow1.png]
[www.allcooper.com/DesktopModules/DNNGo_LayerGallery/Effects/Effect_01_SliderRevolution3D/Themes/defaultskin/images/shadow2.png]
[www.allcooper.com/DesktopModules/DNNGo_LayerGallery/Effects/Effect_01_SliderRevolution3D/Themes/defaultskin/images/shadow3.png]
[www.allcooper.com/DesktopModules/DNNGo_LayerGallery/Effects/Effect_01_SliderRevolution3D/Themes/defaultskin/images/gridtile.png]
[www.allcooper.com/DesktopModules/DNNGo_LayerGallery/Effects/Effect_01_SliderRevolution3D/Themes/defaultskin/images/gridtile_white.png]
[www.allcooper.com/DesktopModules/DNNGo_LayerGallery/Effects/Effect_01_SliderRevolution3D/Themes/defaultskin/images/gridtile_3x3.png]
[www.allcooper.com/DesktopModules/DNNGo_LayerGallery/Effects/Effect_01_SliderRevolution3D/Themes/defaultskin/images/gridtile_3x3_white.png]
[www.allcooper.com/DesktopModules/DNNGo_LayerGallery/Effects/Effect_01_SliderRevolution3D/Themes/defaultskin/images/boxed_bgtile.png]
[www.allcooper.com/DesktopModules/DNNGo_LayerGallery/Effects/Effect_01_SliderRevolution3D/Themes/defaultskin/images/navigdots_bgtile.png]
[www.allcooper.com/DesktopModules/DNNGo_LayerGallery/Effects/Effect_01_SliderRevolution3D/Themes/defaultskin/images/bullet.png]
[www.allcooper.com/DesktopModules/DNNGo_LayerGallery/Effects/Effect_01_SliderRevolution3D/Themes/defaultskin/images/bullets.png]
[www.allcooper.com/DesktopModules/DNNGo_LayerGallery/Effects/Effect_01_SliderRevolution3D/Themes/defaultskin/images/bullets2.png]
[www.allcooper.com/DesktopModules/DNNGo_LayerGallery/Effects/Effect_01_SliderRevolution3D/Themes/defaultskin/images/bullet_boxed.png]
[www.allcooper.com/DesktopModules/DNNGo_LayerGallery/Effects/Effect_01_SliderRevolution3D/Themes/defaultskin/images/navigdots.png]
[www.allcooper.com/DesktopModules/DNNGo_LayerGallery/Effects/Effect_01_SliderRevolution3D/Themes/defaultskin/images/large_left.png]
[www.allcooper.com/DesktopModules/DNNGo_LayerGallery/Effects/Effect_01_SliderRevolution3D/Themes/defaultskin/images/large_right.png]
[www.allcooper.com/DesktopModules/DNNGo_LayerGallery/Effects/Effect_01_SliderRevolution3D/Themes/defaultskin/images/small_left.png]
[www.allcooper.com/DesktopModules/DNNGo_LayerGallery/Effects/Effect_01_SliderRevolution3D/Themes/defaultskin/images/small_right.png]
[www.allcooper.com/DesktopModules/DNNGo_LayerGallery/Effects/Effect_01_SliderRevolution3D/Themes/defaultskin/images/arrow_left.png]
[www.allcooper.com/DesktopModules/DNNGo_LayerGallery/Effects/Effect_01_SliderRevolution3D/Themes/defaultskin/images/arrow_right.png]
[www.allcooper.com/DesktopModules/DNNGo_LayerGallery/Effects/Effect_01_SliderRevolution3D/Themes/defaultskin/images/small_left_boxed.png]
[www.allcooper.com/DesktopModules/DNNGo_LayerGallery/Effects/Effect_01_SliderRevolution3D/Themes/defaultskin/images/small_right_boxed.png]
[www.allcooper.com/DesktopModules/DNNGo_LayerGallery/Effects/Effect_01_SliderRevolution3D/Themes/defaultskin/images/arrowleft.png]
[www.allcooper.com/DesktopModules/DNNGo_LayerGallery/Effects/Effect_01_SliderRevolution3D/Themes/defaultskin/images/arrowright.png]
[www.allcooper.com/DesktopModules/DNNGo_LayerGallery/Effects/Effect_01_SliderRevolution3D/Themes/defaultskin/images/arrow_right2.png]
[www.allcooper.com/DesktopModules/DNNGo_LayerGallery/Effects/Effect_01_SliderRevolution3D/Themes/defaultskin/images/timer.png]
[www.allcooper.com/DesktopModules/DNNGo_LayerGallery/Effects/Effect_01_SliderRevolution3D/Themes/defaultskin/images/coloredbg.png]
[www.allcooper.com/DesktopModules/DNNGo_LayerGallery/Effects/Effect_01_SliderRevolution3D/Themes/defaultskin/images/loader.gif]
[www.allcooper.com/DesktopModules/DNNGo_LayerGallery/Effects/Effect_01_SliderRevolution3D/Themes/defaultskin/font/revicons90c6.eot]
[www.allcooper.com/DesktopModules/DNNGo_LayerGallery/Effects/Effect_01_SliderRevolution3D/Themes/defaultskin/font/revicons90c6.woff]
[www.allcooper.com/DesktopModules/DNNGo_LayerGallery/Effects/Effect_01_SliderRevolution3D/Themes/defaultskin/font/revicons90c6.ttf]
[www.allcooper.com/DesktopModules/DNNGo_LayerGallery/Effects/Effect_01_SliderRevolution3D/Themes/defaultskin/Style23e0.css]
[www.allcooper.com/Portals/0/LayerGallery/uploads/2017/4/11/Access-Control-Systems_1.jpg]
[www.allcooper.com/portals/0/Proximity-Reader.jpg]
[www.allcooper.com/business-security-systems/access-control-systems/proximity-reader.html]
[www.allcooper.com/portals/0/Fingerprint-Scanner.jpg]
[www.allcooper.com/business-security-systems/access-control-systems/biometric-security-systems/biometric-fingerprint-scanner.html]
[www.allcooper.com/Portals/0/LayerGallery/uploads/2017/4/27/Video-Entry-Banner.jpg]
[www.allcooper.com/portals/0/Video-Entry-System.jpg]
[www.allcooper.com/business-security-systems/access-control-systems/video-entry-systems.html]
[www.allcooper.com/portals/0/Door-Entry-System.jpg]
[www.allcooper.com/business-security-systems/access-control-systems/video-entry-systems/door-entry-camera.html]
[www.allcooper.com/Portals/0/LayerGallery/uploads/2017/4/11/Audio-Door-Entry-Systems.jpg]
[www.allcooper.com/portals/0/Entry-System.jpg]
[www.allcooper.com/business-security-systems/access-control-systems/audio-entry-systems.html]
[www.allcooper.com/Portals/0/LayerGallery/uploads/2017/4/27/Intercom-Banner.jpg]
[www.allcooper.com/portals/0/Door-Intercom.jpg]
[www.allcooper.com/business-security-systems/access-control-systems/audio-entry-systems/intercom-systems.html]
[www.allcooper.com/business-security-systems/access-control-systems/post.html]
[www.allcooper.com/Resources/images/arrow-right-white.html]
[www.allcooper.com/Portals/_default/skins/allcooper/fonts/fontawesome-webfont78ce.eot]
[www.allcooper.com/Portals/_default/skins/allcooper/fonts/fontawesome-webfontd41d.eot]
[www.allcooper.com/Portals/_default/skins/allcooper/fonts/fontawesome-webfont78ce.woff]
[www.allcooper.com/Portals/_default/skins/allcooper/fonts/fontawesome-webfont78ce.ttf]
[www.allcooper.com/Portals/_default/skins/allcooper/bootstrap.css]
[www.allcooper.com/Portals/_default/skins/allcooper/css/owl.carousel.css]
[www.allcooper.com/DesktopModules/DNNGo_LayerGallery/Effects/Effect_01_SliderRevolution3D/Themes/defaultskin/font/revicons90c6.svg]
[www.allcooper.com/Portals/_default/skins/allcooper/fonts/glyphicons-regular.html]
[www.allcooper.com/Portals/_default/skins/allcooper/fonts/glyphicons-regulard41d.html]
[www.allcooper.com/Portals/_default/skins/allcooper/fonts/glyphicons-regular-2.html]
[www.allcooper.com/Portals/_default/skins/allcooper/fonts/glyphicons-regular-3.html]
[www.allcooper.com/Portals/_default/skins/allcooper/fonts/glyphicons-regular-4.html]
[www.allcooper.com/Portals/_default/skins/allcooper/fonts/glyphicons-social-regular.html]
[www.allcooper.com/Portals/_default/skins/allcooper/fonts/glyphicons-social-regulard41d.html]
[www.allcooper.com/Portals/_default/skins/allcooper/fonts/glyphicons-social-regular-2.html]
[www.allcooper.com/Portals/_default/skins/allcooper/fonts/glyphicons-social-regular-3.html]
[www.allcooper.com/Portals/_default/skins/allcooper/fonts/glyphicons-social-regular-4.html]
[www.allcooper.com/Portals/_default/skins/allcooper/images/tab-left-active-bg.html]
[www.allcooper.com/Portals/_default/skins/allcooper/images/tab-right-active-bg.html]
[www.allcooper.com/Portals/_default/skins/allcooper/fonts/fontawesome-webfont78ce.svg]
[www.allcooper.com/Portals/_default/skins/allcooper/css/owl.video.play.html]
[www.allcooper.com/DesktopModules/DNNGo_LayerGallery/Effects/Effect_01_SliderRevolution3D/Themes/defaultskin/images/arrow_left2.png]
[www.allcooper.com/Portals/_default/skins/allcooper/images/conc_bg3.jpg]
